// Vitest Snapshot v1, https://vitest.dev/guide/snapshot.html

exports[`BarChart > render component 1`] = `
<div>
  <svg
    class="bar-chart-container"
    height="240"
    role="img"
    width="430"
  >
    <g
      class="bar-header"
      transform="translate(0, 20)"
    >
      <text>
        <tspan
          color="#17324D"
          font-family="Titillium Web"
          font-size="18px"
          font-weight="700"
        >
          barChartTitle
        </tspan>
      </text>
    </g>
    <g
      transform="translate(0, 50)"
    >
      <g>
        <rect
          class="bar"
          fill="#17324D"
          height="46"
          width="300"
          y="1"
        />
        <text
          color="#17324D"
          font-family="Titillium Web"
          font-size="24px"
          font-weight="600"
          transform="translate(10, 32.199999999999996)"
          x="300"
          y="1"
        >
          90%
        </text>
      </g>
      <g>
        <rect
          class="bar"
          fill="#A2ADB8"
          height="46"
          width="23.333333333333332"
          y="62"
        />
        <text
          color="#17324D"
          font-family="Titillium Web"
          font-size="24px"
          font-weight="600"
          transform="translate(10, 32.199999999999996)"
          x="23.333333333333332"
          y="62"
        >
          7%
        </text>
      </g>
      <g>
        <rect
          class="bar"
          fill="#FE6666"
          height="46"
          width="50"
          y="123"
        />
        <text
          color="#17324D"
          font-family="Titillium Web"
          font-size="24px"
          font-weight="600"
          transform="translate(10, 32.199999999999996)"
          x="50"
          y="123"
        >
          15%
        </text>
      </g>
    </g>
  </svg>
</div>
`;
