// Vitest Snapshot v1, https://vitest.dev/guide/snapshot.html

exports[`ChartsLegend > render component 1`] = `
<div>
  <div
    class="MuiGrid-root MuiGrid-container MuiGrid-direction-xs-column css-1vpwcmr-MuiGrid-root"
  >
    <div
      class="MuiGrid-root MuiGrid-item css-13i4rnv-MuiGrid-root"
    >
      <label
        class="MuiFormControlLabel-root Mui-disabled MuiFormControlLabel-labelPlacementEnd css-q066m-MuiFormControlLabel-root"
      >
        <span
          aria-disabled="true"
          class="MuiButtonBase-root MuiCheckbox-root MuiCheckbox-colorPrimary Mui-disabled PrivateSwitchBase-root MuiCheckbox-root MuiCheckbox-colorPrimary Mui-disabled MuiCheckbox-root MuiCheckbox-colorPrimary css-1cd81rx-MuiButtonBase-root-MuiCheckbox-root"
          tabindex="-1"
        >
          <input
            class="PrivateSwitchBase-input css-1m9pwf3"
            data-indeterminate="false"
            disabled=""
            type="checkbox"
          />
          <svg
            aria-hidden="true"
            class="MuiSvgIcon-root MuiSvgIcon-fontSizeMedium css-i4bv87-MuiSvgIcon-root"
            data-testid="CheckBoxOutlineBlankIcon"
            focusable="false"
            viewBox="0 0 24 24"
          >
            <path
              d="M19 5v14H5V5h14m0-2H5c-1.1 0-2 .9-2 2v14c0 1.1.9 2 2 2h14c1.1 0 2-.9 2-2V5c0-1.1-.9-2-2-2z"
            />
          </svg>
        </span>
        <span
          class="MuiTypography-root MuiTypography-body1 MuiFormControlLabel-label Mui-disabled css-ahj2mt-MuiTypography-root"
        >
          E-service online
        </span>
      </label>
    </div>
    <div
      class="MuiGrid-root MuiGrid-item css-13i4rnv-MuiGrid-root"
    >
      <label
        class="MuiFormControlLabel-root Mui-disabled MuiFormControlLabel-labelPlacementEnd css-q066m-MuiFormControlLabel-root"
      >
        <span
          aria-disabled="true"
          class="MuiButtonBase-root MuiCheckbox-root MuiCheckbox-colorPrimary Mui-disabled PrivateSwitchBase-root MuiCheckbox-root MuiCheckbox-colorPrimary Mui-disabled MuiCheckbox-root MuiCheckbox-colorPrimary css-z4ms8h-MuiButtonBase-root-MuiCheckbox-root"
          tabindex="-1"
        >
          <input
            class="PrivateSwitchBase-input css-1m9pwf3"
            data-indeterminate="false"
            disabled=""
            type="checkbox"
          />
          <svg
            aria-hidden="true"
            class="MuiSvgIcon-root MuiSvgIcon-fontSizeMedium css-i4bv87-MuiSvgIcon-root"
            data-testid="CheckBoxOutlineBlankIcon"
            focusable="false"
            viewBox="0 0 24 24"
          >
            <path
              d="M19 5v14H5V5h14m0-2H5c-1.1 0-2 .9-2 2v14c0 1.1.9 2 2 2h14c1.1 0 2-.9 2-2V5c0-1.1-.9-2-2-2z"
            />
          </svg>
        </span>
        <span
          class="MuiTypography-root MuiTypography-body1 MuiFormControlLabel-label Mui-disabled css-ahj2mt-MuiTypography-root"
        >
          Monitoraggio sospeso
        </span>
      </label>
    </div>
    <div
      class="MuiGrid-root MuiGrid-item css-13i4rnv-MuiGrid-root"
    >
      <label
        class="MuiFormControlLabel-root Mui-disabled MuiFormControlLabel-labelPlacementEnd css-q066m-MuiFormControlLabel-root"
      >
        <span
          aria-disabled="true"
          class="MuiButtonBase-root MuiCheckbox-root MuiCheckbox-colorPrimary Mui-disabled PrivateSwitchBase-root MuiCheckbox-root MuiCheckbox-colorPrimary Mui-disabled MuiCheckbox-root MuiCheckbox-colorPrimary css-7jg725-MuiButtonBase-root-MuiCheckbox-root"
          tabindex="-1"
        >
          <input
            class="PrivateSwitchBase-input css-1m9pwf3"
            data-indeterminate="false"
            disabled=""
            type="checkbox"
          />
          <svg
            aria-hidden="true"
            class="MuiSvgIcon-root MuiSvgIcon-fontSizeMedium css-i4bv87-MuiSvgIcon-root"
            data-testid="CheckBoxOutlineBlankIcon"
            focusable="false"
            viewBox="0 0 24 24"
          >
            <path
              d="M19 5v14H5V5h14m0-2H5c-1.1 0-2 .9-2 2v14c0 1.1.9 2 2 2h14c1.1 0 2-.9 2-2V5c0-1.1-.9-2-2-2z"
            />
          </svg>
        </span>
        <span
          class="MuiTypography-root MuiTypography-body1 MuiFormControlLabel-label Mui-disabled css-ahj2mt-MuiTypography-root"
        >
          E-service offline
        </span>
      </label>
    </div>
  </div>
</div>
`;
