// Vitest Snapshot v1, https://vitest.dev/guide/snapshot.html

exports[`PasswordResetPage > fill field and click submit simulating success 1`] = `
<div>
  <main
    class="MuiStack-root css-i3viwk-MuiStack-root"
  >
    <svg
      aria-hidden="true"
      class="MuiSvgIcon-root MuiSvgIcon-fontSizeMedium css-11e46a8-MuiSvgIcon-root"
      focusable="false"
      role="img"
      viewBox="0 0 120 120"
    >
      <path
        d="M.452 60.01C.452 27.2 27.147.507 59.957.507s59.504 26.695 59.504 59.505-26.695 59.504-59.504 59.504C27.147 119.515.452 92.82.452 60.01Zm5.946 0c0 29.534 24.025 53.559 53.559 53.559 29.533 0 53.558-24.025 53.558-53.559 0-29.533-24.025-53.558-53.558-53.558-29.534 0-53.559 24.025-53.559 53.559Z"
      />
      <path
        d="m75.536 45.523-22.811 22.69-8.324-8.372a2.98 2.98 0 0 0-4.198-.025c-1.165 1.14-1.165 3.034-.025 4.199L50.59 74.498a2.956 2.956 0 0 0 4.199 0L79.71 49.721a2.98 2.98 0 0 0 .025-4.198 2.958 2.958 0 0 0-4.199 0Z"
      />
      <title>
        Completato
      </title>
    </svg>
    <h1
      class="MuiTypography-root MuiTypography-h3 MuiTypography-alignCenter css-47suzj-MuiTypography-root"
    >
      successScreenTitle
    </h1>
    <p
      class="MuiTypography-root MuiTypography-body1 MuiTypography-alignCenter css-1uwgr7b-MuiTypography-root"
    >
      successScreenSubtitle
    </p>
    <button
      class="MuiButtonBase-root MuiButton-root MuiButton-contained MuiButton-containedPrimary MuiButton-sizeLarge MuiButton-containedSizeLarge MuiButton-root MuiButton-contained MuiButton-containedPrimary MuiButton-sizeLarge MuiButton-containedSizeLarge css-jh47zj-MuiButtonBase-root-MuiButton-root"
      tabindex="0"
      type="button"
    >
      <p
        class="MuiTypography-root MuiTypography-body1 css-jb1ygz-MuiTypography-root"
      >
         
        successScreenSubmitButton
      </p>
      <span
        class="MuiTouchRipple-root css-8je8zh-MuiTouchRipple-root"
      />
    </button>
  </main>
</div>
`;

exports[`PasswordResetPage > render component 1`] = `
<div>
  <main
    class="MuiStack-root css-1bw9v5o-MuiStack-root"
  >
    <h1
      class="MuiTypography-root MuiTypography-h3 css-gepadz-MuiTypography-root"
    >
      title
    </h1>
    <p
      class="MuiTypography-root MuiTypography-body1 MuiTypography-alignCenter css-1uwgr7b-MuiTypography-root"
    >
      subtitle
    </p>
    <div
      class="MuiPaper-root MuiPaper-elevation MuiPaper-rounded MuiPaper-elevation16 MuiCard-root css-9cvwhb-MuiPaper-root-MuiCard-root"
    >
      <form>
        <div
          class="MuiGrid-root MuiGrid-container MuiGrid-item MuiGrid-direction-xs-column css-ljy4ha-MuiGrid-root"
        >
          <div
            class="MuiGrid-root MuiGrid-container MuiGrid-item css-1qy0967-MuiGrid-root"
          >
            <div
              class="MuiGrid-root MuiGrid-container MuiGrid-item css-1f064cs-MuiGrid-root"
            >
              <div
                class="MuiFormControl-root MuiTextField-root css-p21bt9-MuiFormControl-root-MuiTextField-root"
              >
                <label
                  class="MuiFormLabel-root MuiInputLabel-root MuiInputLabel-formControl MuiInputLabel-animated MuiInputLabel-outlined MuiFormLabel-colorPrimary Mui-required MuiInputLabel-root MuiInputLabel-formControl MuiInputLabel-animated MuiInputLabel-outlined css-14s5rfu-MuiFormLabel-root-MuiInputLabel-root"
                  data-shrink="false"
                  for="password"
                  id="password-label"
                >
                  newPassword
                  <span
                    aria-hidden="true"
                    class="MuiFormLabel-asterisk MuiInputLabel-asterisk css-wgai2y-MuiFormLabel-asterisk"
                  >
                     
                    *
                  </span>
                </label>
                <div
                  class="MuiInputBase-root MuiOutlinedInput-root MuiInputBase-colorPrimary MuiInputBase-formControl css-9ddj71-MuiInputBase-root-MuiOutlinedInput-root"
                >
                  <input
                    aria-invalid="false"
                    class="MuiInputBase-input MuiOutlinedInput-input css-1t8l2tu-MuiInputBase-input-MuiOutlinedInput-input"
                    id="password"
                    required=""
                    type="password"
                    value=""
                  />
                  <fieldset
                    aria-hidden="true"
                    class="MuiOutlinedInput-notchedOutline css-1d3z3hw-MuiOutlinedInput-notchedOutline"
                  >
                    <legend
                      class="css-yjsfm1"
                    >
                      <span>
                        newPassword
                         
                        *
                      </span>
                    </legend>
                  </fieldset>
                </div>
              </div>
            </div>
            <div
              class="MuiGrid-root MuiGrid-container MuiGrid-item css-1f064cs-MuiGrid-root"
            >
              <div
                class="MuiFormControl-root MuiTextField-root css-p21bt9-MuiFormControl-root-MuiTextField-root"
              >
                <label
                  class="MuiFormLabel-root MuiInputLabel-root MuiInputLabel-formControl MuiInputLabel-animated MuiInputLabel-outlined MuiFormLabel-colorPrimary Mui-required MuiInputLabel-root MuiInputLabel-formControl MuiInputLabel-animated MuiInputLabel-outlined css-14s5rfu-MuiFormLabel-root-MuiInputLabel-root"
                  data-shrink="false"
                  for="confirmPassword"
                  id="confirmPassword-label"
                >
                  confirmNewPassword
                  <span
                    aria-hidden="true"
                    class="MuiFormLabel-asterisk MuiInputLabel-asterisk css-wgai2y-MuiFormLabel-asterisk"
                  >
                     
                    *
                  </span>
                </label>
                <div
                  class="MuiInputBase-root MuiOutlinedInput-root MuiInputBase-colorPrimary MuiInputBase-formControl css-9ddj71-MuiInputBase-root-MuiOutlinedInput-root"
                >
                  <input
                    aria-invalid="false"
                    class="MuiInputBase-input MuiOutlinedInput-input css-1t8l2tu-MuiInputBase-input-MuiOutlinedInput-input"
                    id="confirmPassword"
                    required=""
                    type="password"
                    value=""
                  />
                  <fieldset
                    aria-hidden="true"
                    class="MuiOutlinedInput-notchedOutline css-1d3z3hw-MuiOutlinedInput-notchedOutline"
                  >
                    <legend
                      class="css-yjsfm1"
                    >
                      <span>
                        confirmNewPassword
                         
                        *
                      </span>
                    </legend>
                  </fieldset>
                </div>
              </div>
            </div>
          </div>
          <div
            class="MuiGrid-root MuiGrid-item css-131xi47-MuiGrid-root"
          >
            <button
              class="MuiButtonBase-root MuiButton-root MuiButton-contained MuiButton-containedPrimary MuiButton-sizeLarge MuiButton-containedSizeLarge MuiButton-root MuiButton-contained MuiButton-containedPrimary MuiButton-sizeLarge MuiButton-containedSizeLarge css-w4y956-MuiButtonBase-root-MuiButton-root"
              tabindex="0"
              type="submit"
            >
              <p
                class="MuiTypography-root MuiTypography-body1 css-jb1ygz-MuiTypography-root"
              >
                 
                submit
              </p>
              <span
                class="MuiTouchRipple-root css-8je8zh-MuiTouchRipple-root"
              />
            </button>
          </div>
        </div>
      </form>
    </div>
  </main>
</div>
`;
