// Vitest Snapshot v1, https://vitest.dev/guide/snapshot.html

exports[`LineChart > render component 1`] = `
<div>
  <svg
    class="line-chart-container"
    height="400"
    role="img"
    width="700"
  >
    <g
      class="bar-header"
      transform="translate(10, 20)"
    >
      <text>
        <tspan
          color="#17324D"
          font-family="Titillium Web"
          font-size="18px"
          font-weight="700"
        >
          lineChartTitle
        </tspan>
      </text>
    </g>
    <g
      class="scales"
      transform="translate(60, 60)"
    >
      <g
        font-family="Poppins"
        font-size="10"
        opacity="0.4"
        text-anchor="middle"
        transform="translate(0, 300)"
      />
      <g
        font-family="Poppins"
        font-size="10"
        opacity="0.4"
        text-anchor="end"
      >
        <g
          class="tick"
          opacity="1"
          transform="translate(0, 300)"
        >
          <line
            stroke="currentColor"
            stroke-opacity="0.05"
            x2="0"
          />
          <line
            stroke="currentColor"
            stroke-opacity="0.05"
            x2="610"
          />
          <text
            dy="0.32em"
            x="-15"
          >
            0ms
          </text>
        </g>
        <g
          class="tick"
          opacity="1"
          transform="translate(0, 270)"
        >
          <line
            stroke="currentColor"
            stroke-opacity="0.05"
            x2="0"
          />
          <line
            stroke="currentColor"
            stroke-opacity="0.05"
            x2="610"
          />
          <text
            dy="0.32em"
            x="-15"
          >
            1ms
          </text>
        </g>
        <g
          class="tick"
          opacity="1"
          transform="translate(0, 240)"
        >
          <line
            stroke="currentColor"
            stroke-opacity="0.05"
            x2="0"
          />
          <line
            stroke="currentColor"
            stroke-opacity="0.05"
            x2="610"
          />
          <text
            dy="0.32em"
            x="-15"
          >
            2ms
          </text>
        </g>
        <g
          class="tick"
          opacity="1"
          transform="translate(0, 210)"
        >
          <line
            stroke="currentColor"
            stroke-opacity="0.05"
            x2="0"
          />
          <line
            stroke="currentColor"
            stroke-opacity="0.05"
            x2="610"
          />
          <text
            dy="0.32em"
            x="-15"
          >
            3ms
          </text>
        </g>
        <g
          class="tick"
          opacity="1"
          transform="translate(0, 180)"
        >
          <line
            stroke="currentColor"
            stroke-opacity="0.05"
            x2="0"
          />
          <line
            stroke="currentColor"
            stroke-opacity="0.05"
            x2="610"
          />
          <text
            dy="0.32em"
            x="-15"
          >
            4ms
          </text>
        </g>
        <g
          class="tick"
          opacity="1"
          transform="translate(0, 150)"
        >
          <line
            stroke="currentColor"
            stroke-opacity="0.05"
            x2="0"
          />
          <line
            stroke="currentColor"
            stroke-opacity="0.05"
            x2="610"
          />
          <text
            dy="0.32em"
            x="-15"
          >
            5ms
          </text>
        </g>
        <g
          class="tick"
          opacity="1"
          transform="translate(0, 120)"
        >
          <line
            stroke="currentColor"
            stroke-opacity="0.05"
            x2="0"
          />
          <line
            stroke="currentColor"
            stroke-opacity="0.05"
            x2="610"
          />
          <text
            dy="0.32em"
            x="-15"
          >
            6ms
          </text>
        </g>
        <g
          class="tick"
          opacity="1"
          transform="translate(0, 90.00000000000001)"
        >
          <line
            stroke="currentColor"
            stroke-opacity="0.05"
            x2="0"
          />
          <line
            stroke="currentColor"
            stroke-opacity="0.05"
            x2="610"
          />
          <text
            dy="0.32em"
            x="-15"
          >
            7ms
          </text>
        </g>
        <g
          class="tick"
          opacity="1"
          transform="translate(0, 59.999999999999986)"
        >
          <line
            stroke="currentColor"
            stroke-opacity="0.05"
            x2="0"
          />
          <line
            stroke="currentColor"
            stroke-opacity="0.05"
            x2="610"
          />
          <text
            dy="0.32em"
            x="-15"
          >
            8ms
          </text>
        </g>
        <g
          class="tick"
          opacity="1"
          transform="translate(0, 29.999999999999993)"
        >
          <line
            stroke="currentColor"
            stroke-opacity="0.05"
            x2="0"
          />
          <line
            stroke="currentColor"
            stroke-opacity="0.05"
            x2="610"
          />
          <text
            dy="0.32em"
            x="-15"
          >
            9ms
          </text>
        </g>
        <g
          class="tick"
          opacity="1"
          transform="translate(0, 0)"
        >
          <line
            stroke="currentColor"
            stroke-opacity="0.05"
            x2="0"
          />
          <line
            stroke="currentColor"
            stroke-opacity="0.05"
            x2="610"
          />
          <text
            dy="0.32em"
            x="-15"
          >
            10ms
          </text>
        </g>
      </g>
    </g>
    <lineargradient
      gradientUnits="userSpaceOnUse"
      id="linearGradient"
      x1="0"
      x2="610"
    >
      <stop
        offset="NaN"
        stop-color="#17324D"
        stop-opacity="1"
      />
      <stop
        offset="NaN"
        stop-color="#17324D"
        stop-opacity="1"
      />
      <stop
        offset="NaN"
        stop-color="#17324D"
        stop-opacity="1"
      />
    </lineargradient>
    <path
      class="line"
      d="MNaN,300LNaN,300LNaN,300"
      fill="none"
      stroke="url(#linearGradient)"
      stroke-width="1"
      transform="translate(60, 60)"
    />
  </svg>
</div>
`;
