// Vitest Snapshot v1, https://vitest.dev/guide/snapshot.html

exports[`LineChart > render component 1`] = `
<div>
  <svg
    class="line-chart-container"
    height="350"
    role="img"
    width="700"
  >
    <g
      class="bar-header"
      transform="translate(60, 20)"
    >
      <text>
        <tspan
          color="#17324D"
          font-family="Titillium Web"
          font-size="18px"
          font-weight="700"
        >
          Tempi di risposta dell’e-service
        </tspan>
      </text>
    </g>
    <g
      class="scales"
      transform="translate(60, 30)"
    >
      <g
        font-family="Poppins"
        font-size="10"
        opacity="0.4"
        text-anchor="middle"
        transform="translate(0, 290)"
      >
        <g
          class="tick"
          opacity="1"
          transform="translate(48.68704586226852, 0)"
        >
          <line
            stroke="currentColor"
            stroke-opacity="0.05"
            transform="translate(0, -290)"
            y2="0"
          />
          <line
            stroke="currentColor"
            stroke-opacity="0.05"
            transform="translate(0, -290)"
            y2="290"
          />
          <text
            dy="0.71em"
            y="15"
          >
            01 / 12
          </text>
        </g>
        <g
          class="tick"
          opacity="1"
          transform="translate(124.93704586226852, 0)"
        >
          <line
            stroke="currentColor"
            stroke-opacity="0.05"
            transform="translate(0, -290)"
            y2="0"
          />
          <line
            stroke="currentColor"
            stroke-opacity="0.05"
            transform="translate(0, -290)"
            y2="290"
          />
          <text
            dy="0.71em"
            y="15"
          >
            01 / 12
          </text>
        </g>
        <g
          class="tick"
          opacity="1"
          transform="translate(201.18704586226852, 0)"
        >
          <line
            stroke="currentColor"
            stroke-opacity="0.05"
            transform="translate(0, -290)"
            y2="0"
          />
          <line
            stroke="currentColor"
            stroke-opacity="0.05"
            transform="translate(0, -290)"
            y2="290"
          />
          <text
            dy="0.71em"
            y="15"
          >
            02 / 12
          </text>
        </g>
        <g
          class="tick"
          opacity="1"
          transform="translate(277.4370458622685, 0)"
        >
          <line
            stroke="currentColor"
            stroke-opacity="0.05"
            transform="translate(0, -290)"
            y2="0"
          />
          <line
            stroke="currentColor"
            stroke-opacity="0.05"
            transform="translate(0, -290)"
            y2="290"
          />
          <text
            dy="0.71em"
            y="15"
          >
            02 / 12
          </text>
        </g>
        <g
          class="tick"
          opacity="1"
          transform="translate(353.6870458622686, 0)"
        >
          <line
            stroke="currentColor"
            stroke-opacity="0.05"
            transform="translate(0, -290)"
            y2="0"
          />
          <line
            stroke="currentColor"
            stroke-opacity="0.05"
            transform="translate(0, -290)"
            y2="290"
          />
          <text
            dy="0.71em"
            y="15"
          >
            03 / 12
          </text>
        </g>
        <g
          class="tick"
          opacity="1"
          transform="translate(429.9370458622686, 0)"
        >
          <line
            stroke="currentColor"
            stroke-opacity="0.05"
            transform="translate(0, -290)"
            y2="0"
          />
          <line
            stroke="currentColor"
            stroke-opacity="0.05"
            transform="translate(0, -290)"
            y2="290"
          />
          <text
            dy="0.71em"
            y="15"
          >
            03 / 12
          </text>
        </g>
        <g
          class="tick"
          opacity="1"
          transform="translate(506.1870458622686, 0)"
        >
          <line
            stroke="currentColor"
            stroke-opacity="0.05"
            transform="translate(0, -290)"
            y2="0"
          />
          <line
            stroke="currentColor"
            stroke-opacity="0.05"
            transform="translate(0, -290)"
            y2="290"
          />
          <text
            dy="0.71em"
            y="15"
          >
            04 / 12
          </text>
        </g>
        <g
          class="tick"
          opacity="1"
          transform="translate(582.4370458622685, 0)"
        >
          <line
            stroke="currentColor"
            stroke-opacity="0.05"
            transform="translate(0, -290)"
            y2="0"
          />
          <line
            stroke="currentColor"
            stroke-opacity="0.05"
            transform="translate(0, -290)"
            y2="290"
          />
          <text
            dy="0.71em"
            y="15"
          >
            04 / 12
          </text>
        </g>
      </g>
      <g
        font-family="Poppins"
        font-size="10"
        opacity="0.4"
        text-anchor="end"
      >
        <g
          class="tick"
          opacity="1"
          transform="translate(0, 290)"
        >
          <line
            stroke="currentColor"
            stroke-opacity="0.05"
            x2="0"
          />
          <line
            stroke="currentColor"
            stroke-opacity="0.05"
            x2="610"
          />
          <text
            dy="0.32em"
            x="-15"
          >
            0ms
          </text>
        </g>
        <g
          class="tick"
          opacity="1"
          transform="translate(0, 269.2857142857143)"
        >
          <line
            stroke="currentColor"
            stroke-opacity="0.05"
            x2="0"
          />
          <line
            stroke="currentColor"
            stroke-opacity="0.05"
            x2="610"
          />
          <text
            dy="0.32em"
            x="-15"
          >
            5ms
          </text>
        </g>
        <g
          class="tick"
          opacity="1"
          transform="translate(0, 248.57142857142858)"
        >
          <line
            stroke="currentColor"
            stroke-opacity="0.05"
            x2="0"
          />
          <line
            stroke="currentColor"
            stroke-opacity="0.05"
            x2="610"
          />
          <text
            dy="0.32em"
            x="-15"
          >
            10ms
          </text>
        </g>
        <g
          class="tick"
          opacity="1"
          transform="translate(0, 227.85714285714286)"
        >
          <line
            stroke="currentColor"
            stroke-opacity="0.05"
            x2="0"
          />
          <line
            stroke="currentColor"
            stroke-opacity="0.05"
            x2="610"
          />
          <text
            dy="0.32em"
            x="-15"
          >
            15ms
          </text>
        </g>
        <g
          class="tick"
          opacity="1"
          transform="translate(0, 207.14285714285714)"
        >
          <line
            stroke="currentColor"
            stroke-opacity="0.05"
            x2="0"
          />
          <line
            stroke="currentColor"
            stroke-opacity="0.05"
            x2="610"
          />
          <text
            dy="0.32em"
            x="-15"
          >
            20ms
          </text>
        </g>
        <g
          class="tick"
          opacity="1"
          transform="translate(0, 186.42857142857142)"
        >
          <line
            stroke="currentColor"
            stroke-opacity="0.05"
            x2="0"
          />
          <line
            stroke="currentColor"
            stroke-opacity="0.05"
            x2="610"
          />
          <text
            dy="0.32em"
            x="-15"
          >
            25ms
          </text>
        </g>
        <g
          class="tick"
          opacity="1"
          transform="translate(0, 165.7142857142857)"
        >
          <line
            stroke="currentColor"
            stroke-opacity="0.05"
            x2="0"
          />
          <line
            stroke="currentColor"
            stroke-opacity="0.05"
            x2="610"
          />
          <text
            dy="0.32em"
            x="-15"
          >
            30ms
          </text>
        </g>
        <g
          class="tick"
          opacity="1"
          transform="translate(0, 145)"
        >
          <line
            stroke="currentColor"
            stroke-opacity="0.05"
            x2="0"
          />
          <line
            stroke="currentColor"
            stroke-opacity="0.05"
            x2="610"
          />
          <text
            dy="0.32em"
            x="-15"
          >
            35ms
          </text>
        </g>
        <g
          class="tick"
          opacity="1"
          transform="translate(0, 124.28571428571429)"
        >
          <line
            stroke="currentColor"
            stroke-opacity="0.05"
            x2="0"
          />
          <line
            stroke="currentColor"
            stroke-opacity="0.05"
            x2="610"
          />
          <text
            dy="0.32em"
            x="-15"
          >
            40ms
          </text>
        </g>
        <g
          class="tick"
          opacity="1"
          transform="translate(0, 103.57142857142856)"
        >
          <line
            stroke="currentColor"
            stroke-opacity="0.05"
            x2="0"
          />
          <line
            stroke="currentColor"
            stroke-opacity="0.05"
            x2="610"
          />
          <text
            dy="0.32em"
            x="-15"
          >
            45ms
          </text>
        </g>
        <g
          class="tick"
          opacity="1"
          transform="translate(0, 82.85714285714285)"
        >
          <line
            stroke="currentColor"
            stroke-opacity="0.05"
            x2="0"
          />
          <line
            stroke="currentColor"
            stroke-opacity="0.05"
            x2="610"
          />
          <text
            dy="0.32em"
            x="-15"
          >
            50ms
          </text>
        </g>
        <g
          class="tick"
          opacity="1"
          transform="translate(0, 62.142857142857146)"
        >
          <line
            stroke="currentColor"
            stroke-opacity="0.05"
            x2="0"
          />
          <line
            stroke="currentColor"
            stroke-opacity="0.05"
            x2="610"
          />
          <text
            dy="0.32em"
            x="-15"
          >
            55ms
          </text>
        </g>
        <g
          class="tick"
          opacity="1"
          transform="translate(0, 41.428571428571445)"
        >
          <line
            stroke="currentColor"
            stroke-opacity="0.05"
            x2="0"
          />
          <line
            stroke="currentColor"
            stroke-opacity="0.05"
            x2="610"
          />
          <text
            dy="0.32em"
            x="-15"
          >
            60ms
          </text>
        </g>
        <g
          class="tick"
          opacity="1"
          transform="translate(0, 20.714285714285705)"
        >
          <line
            stroke="currentColor"
            stroke-opacity="0.05"
            x2="0"
          />
          <line
            stroke="currentColor"
            stroke-opacity="0.05"
            x2="610"
          />
          <text
            dy="0.32em"
            x="-15"
          >
            65ms
          </text>
        </g>
        <g
          class="tick"
          opacity="1"
          transform="translate(0, 0)"
        >
          <line
            stroke="currentColor"
            stroke-opacity="0.05"
            x2="0"
          />
          <line
            stroke="currentColor"
            stroke-opacity="0.05"
            x2="610"
          />
          <text
            dy="0.32em"
            x="-15"
          >
            70ms
          </text>
        </g>
      </g>
    </g>
    <lineargradient
      gradientUnits="userSpaceOnUse"
      id="linearGradient"
      x1="0"
      x2="610"
    >
      <stop
        offset="0.25"
        stop-color="#17324D"
        stop-opacity="1"
      />
      <stop
        offset="0.75"
        stop-color="#17324D"
        stop-opacity="1"
      />
      <stop
        offset="1"
        stop-color="#17324D"
        stop-opacity="1"
      />
    </lineargradient>
    <path
      class="line"
      d="M152.5,82.857L457.5,0L610,290"
      fill="none"
      stroke="url(#linearGradient)"
      stroke-width="1"
      transform="translate(60, 30)"
    />
  </svg>
</div>
`;
